
Memory Configuration

Name             Origin             Length             Attributes
*default*        0x00000000         0xffffffff

Linker script and memory map

                0x00001000                        . = 0x1000

.text           0x00001000     0x1b00
 *(.text)
 .text          0x00001000        0x7 boot/kernel_entry.o
 .text          0x00001007      0x168 kernel/kernel.o
                0x00001007                update
                0x00001067                main
 *fill*         0x0000116f        0x1 
 .text          0x00001170      0x209 hdep/interrupt.o
                0x000011ba                isr0
                0x000011c1                isr1
                0x000011c8                isr2
                0x000011cf                isr3
                0x000011d6                isr4
                0x000011dd                isr5
                0x000011e4                isr6
                0x000011eb                isr7
                0x000011f5                isr8
                0x000011fd                isr9
                0x00001207                isr10
                0x0000120f                isr11
                0x00001217                isr12
                0x0000121f                isr13
                0x00001227                isr14
                0x0000122f                isr15
                0x00001239                isr16
                0x00001243                isr17
                0x0000124d                isr18
                0x00001257                isr19
                0x00001261                isr20
                0x0000126b                isr21
                0x00001275                isr22
                0x0000127f                isr23
                0x00001289                isr24
                0x00001293                isr25
                0x0000129d                isr26
                0x000012a7                isr27
                0x000012b1                isr28
                0x000012bb                isr29
                0x000012c5                isr30
                0x000012cf                isr31
                0x000012d9                irq0
                0x000012e3                irq1
                0x000012ed                irq2
                0x000012f7                irq3
                0x00001301                irq4
                0x0000130b                irq5
                0x00001315                irq6
                0x0000131f                irq7
                0x00001329                irq8
                0x00001333                irq9
                0x0000133d                irq10
                0x00001347                irq11
                0x00001351                irq12
                0x0000135b                irq13
                0x00001365                irq14
                0x0000136f                irq15
 .text          0x00001379       0x9b drivers/gs320200.o
                0x00001379                gs320200_draw_point
                0x000013a9                gs320200_draw_error
                0x000013f7                gs320200_get_offset
 .text          0x00001414       0xd1 drivers/keyboard.o
                0x00001489                init_keyboard
                0x000014a8                add_keyboard_callback
 .text          0x000014e5      0x488 drivers/ts8025.o
                0x000014e5                ts8025_print_at
                0x000015a3                ts8025_print
                0x000015c2                ts8025_print_backspace
                0x0000160e                ts8025_print_char
                0x000017c6                get_cursor_offset
                0x0000182a                set_cursor_offset
                0x0000189b                ts8025_clear_screen
                0x00001905                get_offset
                0x00001924                get_offset_row
                0x00001945                get_offset_col
 .text          0x0000196d       0x75 hdep/idt.o
                0x0000196d                set_idt_gate
                0x000019bd                set_idt
 .text          0x000019e2      0x4dc hdep/isr.o
                0x000019e2                isr_install
                0x00001d96                isr_handler
                0x00001de1                register_interrupt_handler
                0x00001e02                irq_handler
                0x00001e76                enable_interrupts
                0x00001e81                add_isr_exception_callback
 .text          0x00001ebe      0x102 hdep/pic.o
                0x00001ebe                pic_end_of_interrput
                0x00001f01                pic_remap
 .text          0x00001fc0       0x8c hdep/ports.o
                0x00001fc0                inb
                0x00001fe1                outb
                0x00002004                inw
                0x00002027                outw
 .text          0x0000204c       0xf5 hdep/timer.o
                0x0000204c                pit_add_tick_callback
                0x000020d9                pit_init_timer
 .text          0x00002141       0x72 libc/stdlib.o
                0x00002141                memncpy
                0x00002185                memset
 .text          0x000021b3      0x5e6 libc/string.o
                0x000021b3                int_to_ascii
                0x00002265                str_reverse
                0x000022d3                str_len
                0x000022fe                str_append
                0x0000233b                str_backspace
                0x0000236a                str_cmp
                0x000023d3                str_equ
                0x00002442                str_n_cmp
                0x000024b6                str_n_equ
                0x00002530                str_count_c
                0x0000257c                str_trim
                0x00002603                str_cpy
                0x0000264c                str_n_cpy
                0x000026a0                str_cut_word
                0x00002717                str_cut_word_n
 .text          0x00002799      0x367 shell/shell.o
                0x00002799                shell_print
                0x000027b4                shell_key_callback
                0x000028b9                shell_command_handler
                0x00002a59                shell_print_in_hex

.rodata         0x00002b00      0x456
 .rodata        0x00002b00       0x43 kernel/kernel.o
 *fill*         0x00002b43       0x1d 
 .rodata        0x00002b60      0x1d9 drivers/keyboard.o
                0x00002ce0                scancode_ascii
 *fill*         0x00002d39        0x3 
 .rodata        0x00002d3c      0x198 hdep/isr.o
 *fill*         0x00002ed4        0xc 
 .rodata        0x00002ee0       0x76 shell/shell.o
                0x00002ee0                shell_commands

.eh_frame       0x00002f58      0x830
 .eh_frame      0x00002f58       0x64 kernel/kernel.o
 .eh_frame      0x00002fbc       0x78 drivers/gs320200.o
 .eh_frame      0x00003034       0x78 drivers/keyboard.o
 .eh_frame      0x000030ac      0x15c drivers/ts8025.o
 .eh_frame      0x00003208       0x58 hdep/idt.o
 .eh_frame      0x00003260       0xd8 hdep/isr.o
 .eh_frame      0x00003338       0x58 hdep/pic.o
 .eh_frame      0x00003390       0x98 hdep/ports.o
 .eh_frame      0x00003428       0x78 hdep/timer.o
 .eh_frame      0x000034a0       0x58 libc/stdlib.o
 .eh_frame      0x000034f8      0x1f8 libc/string.o
 .eh_frame      0x000036f0       0x98 shell/shell.o

.note.gnu.property
                0x00003788      0x150
 .note.gnu.property
                0x00003788       0x1c kernel/kernel.o
 .note.gnu.property
                0x000037a4       0x1c drivers/gs320200.o
 .note.gnu.property
                0x000037c0       0x1c drivers/keyboard.o
 .note.gnu.property
                0x000037dc       0x1c drivers/ts8025.o
 .note.gnu.property
                0x000037f8       0x1c hdep/idt.o
 .note.gnu.property
                0x00003814       0x1c hdep/isr.o
 .note.gnu.property
                0x00003830       0x1c hdep/pic.o
 .note.gnu.property
                0x0000384c       0x1c hdep/ports.o
 .note.gnu.property
                0x00003868       0x1c hdep/timer.o
 .note.gnu.property
                0x00003884       0x1c libc/stdlib.o
 .note.gnu.property
                0x000038a0       0x1c libc/string.o
 .note.gnu.property
                0x000038bc       0x1c shell/shell.o

.data           0x000038e0      0x200
 *(.data)
 .data          0x000038e0        0x0 kernel/kernel.o
 .data          0x000038e0        0x0 drivers/gs320200.o
 .data          0x000038e0      0x164 drivers/keyboard.o
                0x000038e0                scancode_name
 .data          0x00003a44        0x0 drivers/ts8025.o
 .data          0x00003a44        0x0 hdep/idt.o
 *fill*         0x00003a44       0x1c 
 .data          0x00003a60       0x80 hdep/isr.o
                0x00003a60                exception_messages
 .data          0x00003ae0        0x0 hdep/pic.o
 .data          0x00003ae0        0x0 hdep/ports.o
 .data          0x00003ae0        0x0 hdep/timer.o
 .data          0x00003ae0        0x0 libc/stdlib.o
 .data          0x00003ae0        0x0 libc/string.o
 .data          0x00003ae0        0x0 shell/shell.o

.bss            0x00003ae0      0xf60
 *(.bss)
 .bss           0x00003ae0        0x4 kernel/kernel.o
                0x00003ae0                graphics_mode
 .bss           0x00003ae4        0x0 drivers/gs320200.o
 *fill*         0x00003ae4       0x1c 
 .bss           0x00003b00       0x81 drivers/keyboard.o
                0x00003b00                keyboard_callbacks
                0x00003b80                keyboard_callback_count
 .bss           0x00003b81        0x0 drivers/ts8025.o
 *fill*         0x00003b81       0x1f 
 .bss           0x00003ba0      0x806 hdep/idt.o
                0x00003ba0                idt
                0x000043a0                idt_reg
 *fill*         0x000043a6       0x1a 
 .bss           0x000043c0      0x481 hdep/isr.o
                0x000043c0                interrupt_handlers
                0x000047c0                isr_exception_callbacks
                0x00004840                isr_exception_callback_count
 .bss           0x00004841        0x0 hdep/pic.o
 .bss           0x00004841        0x0 hdep/ports.o
 *fill*         0x00004841       0x1f 
 .bss           0x00004860       0xa1 hdep/timer.o
                0x00004860                tick
                0x00004880                tick_callbacks
                0x00004900                tick_callbacks_count
 .bss           0x00004901        0x0 libc/stdlib.o
 .bss           0x00004901        0x0 libc/string.o
 *fill*         0x00004901       0x1f 
 .bss           0x00004920      0x120 shell/shell.o
                0x00004920                line_len
                0x00004a40                        __init_funcs = .

.init_fun       0x00004a40       0x18
 *(.init_fun)
 .init_fun      0x00004a40        0x8 drivers/keyboard.o
                0x00004a40                init_keyboard_s
 .init_fun      0x00004a48        0x8 hdep/isr.o
                0x00004a48                isr_install_s
 .init_fun      0x00004a50        0x8 hdep/timer.o
                0x00004a50                pit_init_timer_s
                0x00004a58                        __init_funcs_end = .
LOAD boot/kernel_entry.o
LOAD kernel/kernel.o
LOAD hdep/interrupt.o
LOAD drivers/gs320200.o
LOAD drivers/keyboard.o
LOAD drivers/ts8025.o
LOAD hdep/idt.o
LOAD hdep/isr.o
LOAD hdep/pic.o
LOAD hdep/ports.o
LOAD hdep/timer.o
LOAD libc/stdlib.o
LOAD libc/string.o
LOAD shell/shell.o
OUTPUT(kernel.bin binary)

.comment        0x00000000      0x180
 .comment       0x00000000       0x20 kernel/kernel.o
 .comment       0x00000020       0x20 drivers/gs320200.o
 .comment       0x00000040       0x20 drivers/keyboard.o
 .comment       0x00000060       0x20 drivers/ts8025.o
 .comment       0x00000080       0x20 hdep/idt.o
 .comment       0x000000a0       0x20 hdep/isr.o
 .comment       0x000000c0       0x20 hdep/pic.o
 .comment       0x000000e0       0x20 hdep/ports.o
 .comment       0x00000100       0x20 hdep/timer.o
 .comment       0x00000120       0x20 libc/stdlib.o
 .comment       0x00000140       0x20 libc/string.o
 .comment       0x00000160       0x20 shell/shell.o

.note.GNU-stack
                0x00000000        0x0
 .note.GNU-stack
                0x00000000        0x0 kernel/kernel.o
 .note.GNU-stack
                0x00000000        0x0 drivers/gs320200.o
 .note.GNU-stack
                0x00000000        0x0 drivers/keyboard.o
 .note.GNU-stack
                0x00000000        0x0 drivers/ts8025.o
 .note.GNU-stack
                0x00000000        0x0 hdep/idt.o
 .note.GNU-stack
                0x00000000        0x0 hdep/isr.o
 .note.GNU-stack
                0x00000000        0x0 hdep/pic.o
 .note.GNU-stack
                0x00000000        0x0 hdep/ports.o
 .note.GNU-stack
                0x00000000        0x0 hdep/timer.o
 .note.GNU-stack
                0x00000000        0x0 libc/stdlib.o
 .note.GNU-stack
                0x00000000        0x0 libc/string.o
 .note.GNU-stack
                0x00000000        0x0 shell/shell.o
